OpenJDK 64-Bit Server VM (25.402-b08) for linux-amd64 JRE (1.8.0_402-b08), built on Feb 28 2024 15:53:45 by "mockbuild" with gcc 4.8.5 20150623
Memory: 4k page, physical 16777216k(10175432k free)

/proc/meminfo:

CommandLine flags: -XX:InitialHeapSize=268435456 -XX:MaxHeapSize=4294967296 -XX:+PrintGC -XX:+PrintGCDateStamps -XX:+PrintGCDetails -XX:+PrintGCTimeStamps -XX:+UseCompressedClassPointers -XX:+UseCompressedOops -XX:+UseG1GC 
2024-01-05T10:00:00.123+00:00: 0.234: [GC pause (G1 Evacuation Pause) (young), 0.0234567 secs]
   [Parallel Time: 20.3 ms, GC Workers: 8]
      [GC Worker Start (ms): Min: 234.0, Avg: 234.1, Max: 234.2, Diff: 0.2]
      [Ext Root Scanning (ms): Min: 1.2, Avg: 1.3, Max: 1.4, Diff: 0.2, Sum: 10.4]
      [Update RS (ms): Min: 0.0, Avg: 0.0, Max: 0.0, Diff: 0.0, Sum: 0.0]
         [Processed Buffers: Min: 0, Avg: 0.0, Max: 0, Diff: 0, Sum: 0]
      [Scan RS (ms): Min: 0.0, Avg: 0.0, Max: 0.0, Diff: 0.0, Sum: 0.0]
      [Code Root Scanning (ms): Min: 0.0, Avg: 0.0, Max: 0.0, Diff: 0.0, Sum: 0.0]
      [Object Copy (ms): Min: 18.6, Avg: 18.7, Max: 18.8, Diff: 0.2, Sum: 149.6]
      [Termination (ms): Min: 0.0, Avg: 0.0, Max: 0.0, Diff: 0.0, Sum: 0.0]
         [Termination Attempts: Min: 1, Avg: 1.0, Max: 1, Diff: 0, Sum: 8]
      [GC Worker Other (ms): Min: 0.0, Avg: 0.0, Max: 0.0, Diff: 0.0, Sum: 0.0]
      [GC Worker Total (ms): Min: 20.0, Avg: 20.0, Max: 20.1, Diff: 0.1, Sum: 160.0]
      [GC Worker End (ms): Min: 254.1, Avg: 254.1, Max: 254.2, Diff: 0.1]
   [Code Root Fixup: 0.0 ms]
   [Code Root Purge: 0.0 ms]
   [Clear CT: 0.1 ms]
   [Other: 3.0 ms]
      [Choose CSet: 0.0 ms]
      [Ref Proc: 2.5 ms]
      [Ref Enq: 0.1 ms]
      [Redirty Cards: 0.2 ms]
      [Humongous Register: 0.0 ms]
      [Humongous Reclaim: 0.0 ms]
      [Free CSet: 0.1 ms]
   [Eden: 200.0M(200.0M)->0.0B(200.0M) Survivors: 0.0B->25.0M Heap: 200.0M(4096.0M)->25.0M(4096.0M)]
 [Times: user=0.16 sys=0.00, real=0.02 secs]

2024-01-05T10:05:00.456+00:00: 300.789: [GC pause (G1 Evacuation Pause) (young), 0.0345678 secs]
   [Eden: 200.0M(200.0M)->0.0B(200.0M) Survivors: 25.0M->25.0M Heap: 225.0M(4096.0M)->50.0M(4096.0M)]
 [Times: user=0.20 sys=0.01, real=0.03 secs]

2024-01-05T10:10:00.789+00:00: 600.123: [GC pause (G1 Evacuation Pause) (young), 0.0456789 secs]
   [Eden: 200.0M(200.0M)->0.0B(200.0M) Survivors: 25.0M->25.0M Heap: 250.0M(4096.0M)->75.0M(4096.0M)]
 [Times: user=0.25 sys=0.01, real=0.05 secs]

2024-01-05T10:15:01.123+00:00: 900.456: [GC pause (G1 Evacuation Pause) (young), 0.0567890 secs]
   [Eden: 200.0M(200.0M)->0.0B(200.0M) Survivors: 25.0M->25.0M Heap: 275.0M(4096.0M)->100.0M(4096.0M)]
 [Times: user=0.30 sys=0.02, real=0.06 secs]

2024-01-05T10:20:01.456+00:00: 1200.789: [GC pause (G1 Humongous Allocation) (young) (initial-mark), 0.0678901 secs]
   [Eden: 200.0M(200.0M)->0.0B(200.0M) Survivors: 25.0M->25.0M Heap: 300.0M(4096.0M)->125.0M(4096.0M)]
 [Times: user=0.35 sys=0.02, real=0.07 secs]

2024-01-05T10:25:01.789+00:00: 1500.123: [GC concurrent-mark-start]
2024-01-05T10:25:02.123+00:00: 1500.456: [GC concurrent-mark-end, 0.3345678 secs]
2024-01-05T10:25:02.456+00:00: 1500.789: [GC remark, 0.0123456 secs]
   [Eden: 200.0M(200.0M)->0.0B(200.0M) Survivors: 25.0M->25.0M Heap: 325.0M(4096.0M)->150.0M(4096.0M)]
 [Times: user=0.40 sys=0.03, real=0.01 secs]

2024-01-05T10:30:02.789+00:00: 1800.123: [GC pause (G1 Evacuation Pause) (young), 0.0789012 secs]
   [Eden: 200.0M(200.0M)->0.0B(200.0M) Survivors: 25.0M->25.0M Heap: 350.0M(4096.0M)->175.0M(4096.0M)]
 [Times: user=0.45 sys=0.03, real=0.08 secs]

2024-01-05T10:35:03.123+00:00: 2100.456: [Full GC (Allocation Failure) 175.0M->150.0M(4096.0M), 1.2345678 secs]
   [Eden: 0.0B(200.0M)->0.0B(200.0M)
    Survivors: 25.0M->0.0B
    Heap: 175.0M(4096.0M)->150.0M(4096.0M)]
 [Times: user=1.50 sys=0.05, real=1.23 secs]

2024-01-05T10:40:03.456+00:00: 2400.789: [GC pause (G1 Evacuation Pause) (young), 0.0890123 secs]
   [Eden: 200.0M(200.0M)->0.0B(200.0M) Survivors: 0.0B->25.0M Heap: 350.0M(4096.0M)->200.0M(4096.0M)]
 [Times: user=0.50 sys=0.04, real=0.09 secs]

2024-01-05T10:45:03.789+00:00: 2700.123: [GC pause (G1 Evacuation Pause) (young), 0.0901234 secs]
   [Eden: 200.0M(200.0M)->0.0B(200.0M) Survivors: 25.0M->25.0M Heap: 400.0M(4096.0M)->225.0M(4096.0M)]
 [Times: user=0.55 sys=0.04, real=0.09 secs]

2024-01-05T10:50:04.123+00:00: 3000.456: [GC pause (G1 Evacuation Pause) (young), 0.0912345 secs]
   [Eden: 200.0M(200.0M)->0.0B(200.0M) Survivors: 25.0M->25.0M Heap: 425.0M(4096.0M)->250.0M(4096.0M)]
 [Times: user=0.60 sys=0.05, real=0.09 secs]

2024-01-05T10:55:04.456+00:00: 3300.789: [Full GC (Allocation Failure) 250.0M->200.0M(4096.0M), 2.3456789 secs]
   [Eden: 0.0B(200.0M)->0.0B(200.0M)
    Survivors: 25.0M->0.0B
    Heap: 250.0M(4096.0M)->200.0M(4096.0M)]
 [Times: user=2.80 sys=0.10, real=2.35 secs]

2024-01-05T11:00:04.789+00:00: 3600.123: [GC pause (G1 Evacuation Pause) (young), 0.1012345 secs]
   [Eden: 200.0M(200.0M)->0.0B(200.0M) Survivors: 0.0B->25.0M Heap: 400.0M(4096.0M)->250.0M(4096.0M)]
 [Times: user=0.65 sys=0.05, real=0.10 secs]

2024-01-05T11:05:05.123+00:00: 3900.456: [GC pause (G1 Evacuation Pause) (young), 0.1113456 secs]
   [Eden: 200.0M(200.0M)->0.0B(200.0M) Survivors: 25.0M->25.0M Heap: 450.0M(4096.0M)->275.0M(4096.0M)]
 [Times: user=0.70 sys=0.05, real=0.11 secs]

2024-01-05T11:10:05.456+00:00: 4200.789: [GC pause (G1 Evacuation Pause) (young), 0.1214567 secs]
   [Eden: 200.0M(200.0M)->0.0B(200.0M) Survivors: 25.0M->25.0M Heap: 475.0M(4096.0M)->300.0M(4096.0M)]
 [Times: user=0.75 sys=0.06, real=0.12 secs]

2024-01-05T11:15:05.789+00:00: 4500.123: [Full GC (Allocation Failure) 300.0M->250.0M(4096.0M), 3.4567890 secs]
   [Eden: 0.0B(200.0M)->0.0B(200.0M)
    Survivors: 25.0M->0.0B
    Heap: 300.0M(4096.0M)->250.0M(4096.0M)]
 [Times: user=4.10 sys=0.15, real=3.46 secs]

2024-01-05T11:20:06.123+00:00: 4800.456: [GC pause (G1 Evacuation Pause) (young), 0.1315678 secs]
   [Eden: 200.0M(200.0M)->0.0B(200.0M) Survivors: 0.0B->25.0M Heap: 450.0M(4096.0M)->300.0M(4096.0M)]
 [Times: user=0.80 sys=0.06, real=0.13 secs]

2024-01-05T11:25:06.456+00:00: 5100.789: [GC pause (G1 Evacuation Pause) (young), 0.1416789 secs]
   [Eden: 200.0M(200.0M)->0.0B(200.0M) Survivors: 25.0M->25.0M Heap: 500.0M(4096.0M)->325.0M(4096.0M)]
 [Times: user=0.85 sys=0.07, real=0.14 secs]

2024-01-05T11:30:06.789+00:00: 5400.123: [GC pause (G1 Evacuation Pause) (young), 0.1517890 secs]
   [Eden: 200.0M(200.0M)->0.0B(200.0M) Survivors: 25.0M->25.0M Heap: 525.0M(4096.0M)->350.0M(4096.0M)]
 [Times: user=0.90 sys=0.07, real=0.15 secs]

2024-01-05T11:35:07.123+00:00: 5700.456: [Full GC (Allocation Failure) 350.0M->300.0M(4096.0M), 4.5678901 secs]
   [Eden: 0.0B(200.0M)->0.0B(200.0M)
    Survivors: 25.0M->0.0B
    Heap: 350.0M(4096.0M)->300.0M(4096.0M)]
 [Times: user=5.40 sys=0.20, real=4.57 secs]

2024-01-05T11:40:07.456+00:00: 6000.789: [GC pause (G1 Evacuation Pause) (young), 0.1618901 secs]
   [Eden: 200.0M(200.0M)->0.0B(200.0M) Survivors: 0.0B->25.0M Heap: 500.0M(4096.0M)->350.0M(4096.0M)]
 [Times: user=0.95 sys=0.08, real=0.16 secs]

2024-01-05T11:45:07.789+00:00: 6300.123: [GC pause (G1 Evacuation Pause) (young), 0.1720012 secs]
   [Eden: 200.0M(200.0M)->0.0B(200.0M) Survivors: 25.0M->25.0M Heap: 550.0M(4096.0M)->375.0M(4096.0M)]
 [Times: user=1.00 sys=0.08, real=0.17 secs]

2024-01-05T11:50:08.123+00:00: 6600.456: [GC pause (G1 Evacuation Pause) (young), 0.1821123 secs]
   [Eden: 200.0M(200.0M)->0.0B(200.0M) Survivors: 25.0M->25.0M Heap: 575.0M(4096.0M)->400.0M(4096.0M)]
 [Times: user=1.05 sys=0.09, real=0.18 secs]

2024-01-05T11:55:08.456+00:00: 6900.789: [Full GC (Allocation Failure) 400.0M->350.0M(4096.0M), 5.6789012 secs]
   [Eden: 0.0B(200.0M)->0.0B(200.0M)
    Survivors: 25.0M->0.0B
    Heap: 400.0M(4096.0M)->350.0M(4096.0M)]
 [Times: user=6.70 sys=0.25, real=5.68 secs]

2024-01-05T12:00:08.789+00:00: 7200.123: [GC pause (G1 Evacuation Pause) (young), 0.1922234 secs]
   [Eden: 200.0M(200.0M)->0.0B(200.0M) Survivors: 0.0B->25.0M Heap: 550.0M(4096.0M)->400.0M(4096.0M)]
 [Times: user=1.10 sys=0.09, real=0.19 secs]

2024-01-05T12:05:09.123+00:00: 7500.456: [GC pause (G1 Evacuation Pause) (young), 0.2023345 secs]
   [Eden: 200.0M(200.0M)->0.0B(200.0M) Survivors: 25.0M->25.0M Heap: 600.0M(4096.0M)->425.0M(4096.0M)]
 [Times: user=1.15 sys=0.10, real=0.20 secs]

2024-01-05T12:10:09.456+00:00: 7800.789: [GC pause (G1 Evacuation Pause) (young), 0.2124456 secs]
   [Eden: 200.0M(200.0M)->0.0B(200.0M) Survivors: 25.0M->25.0M Heap: 625.0M(4096.0M)->450.0M(4096.0M)]
 [Times: user=1.20 sys=0.10, real=0.21 secs]

2024-01-05T12:15:09.789+00:00: 8100.123: [Full GC (Allocation Failure) 450.0M->400.0M(4096.0M), 6.7890123 secs]
   [Eden: 0.0B(200.0M)->0.0B(200.0M)
    Survivors: 25.0M->0.0B
    Heap: 450.0M(4096.0M)->400.0M(4096.0M)]
 [Times: user=8.00 sys=0.30, real=6.79 secs]

2024-01-05T12:20:10.123+00:00: 8400.456: [GC pause (G1 Evacuation Pause) (young), 0.2225567 secs]
   [Eden: 200.0M(200.0M)->0.0B(200.0M) Survivors: 0.0B->25.0M Heap: 600.0M(4096.0M)->450.0M(4096.0M)]
 [Times: user=1.25 sys=0.11, real=0.22 secs]

2024-01-05T12:25:10.456+00:00: 8700.789: [GC pause (G1 Evacuation Pause) (young), 0.2326678 secs]
   [Eden: 200.0M(200.0M)->0.0B(200.0M) Survivors: 25.0M->25.0M Heap: 650.0M(4096.0M)->475.0M(4096.0M)]
 [Times: user=1.30 sys=0.11, real=0.23 secs]

2024-01-05T12:30:10.789+00:00: 9000.123: [GC pause (G1 Evacuation Pause) (young), 0.2427789 secs]
   [Eden: 200.0M(200.0M)->0.0B(200.0M) Survivors: 25.0M->25.0M Heap: 675.0M(4096.0M)->500.0M(4096.0M)]
 [Times: user=1.35 sys=0.12, real=0.24 secs]

2024-01-05T12:35:11.123+00:00: 9300.456: [Full GC (Ergonomics) 500.0M->450.0M(4096.0M), 7.8901234 secs]
   [Eden: 0.0B(200.0M)->0.0B(200.0M)
    Survivors: 25.0M->0.0B
    Heap: 500.0M(4096.0M)->450.0M(4096.0M)]
 [Times: user=9.30 sys=0.35, real=7.89 secs]

2024-01-05T12:40:11.456+00:00: 9600.789: [GC pause (G1 Evacuation Pause) (young), 0.2528900 secs]
   [Eden: 200.0M(200.0M)->0.0B(200.0M) Survivors: 0.0B->25.0M Heap: 650.0M(4096.0M)->500.0M(4096.0M)]
 [Times: user=1.40 sys=0.12, real=0.25 secs]

2024-01-05T12:45:11.789+00:00: 9900.123: [GC pause (G1 Evacuation Pause) (young), 0.2630011 secs]
   [Eden: 200.0M(200.0M)->0.0B(200.0M) Survivors: 25.0M->25.0M Heap: 700.0M(4096.0M)->525.0M(4096.0M)]
 [Times: user=1.45 sys=0.13, real=0.26 secs]

2024-01-05T12:50:12.123+00:00: 10200.456: [GC pause (G1 Evacuation Pause) (young), 0.2731122 secs]
   [Eden: 200.0M(200.0M)->0.0B(200.0M) Survivors: 25.0M->25.0M Heap: 725.0M(4096.0M)->550.0M(4096.0M)]
 [Times: user=1.50 sys=0.13, real=0.27 secs]

2024-01-05T12:55:12.456+00:00: 10500.789: [Full GC (Allocation Failure) 550.0M->500.0M(4096.0M), 8.9012345 secs]
   [Eden: 0.0B(200.0M)->0.0B(200.0M)
    Survivors: 25.0M->0.0B
    Heap: 550.0M(4096.0M)->500.0M(4096.0M)]
 [Times: user=10.60 sys=0.40, real=8.90 secs]

2024-01-05T13:00:12.789+00:00: 10800.123: [GC pause (G1 Evacuation Pause) (young), 0.2832233 secs]
   [Eden: 200.0M(200.0M)->0.0B(200.0M) Survivors: 0.0B->25.0M Heap: 700.0M(4096.0M)->550.0M(4096.0M)]
 [Times: user=1.55 sys=0.14, real=0.28 secs]

2024-01-05T13:05:13.123+00:00: 11100.456: [GC pause (G1 Evacuation Pause) (young), 0.2933344 secs]
   [Eden: 200.0M(200.0M)->0.0B(200.0M) Survivors: 25.0M->25.0M Heap: 750.0M(4096.0M)->575.0M(4096.0M)]
 [Times: user=1.60 sys=0.14, real=0.29 secs]

2024-01-05T13:10:13.456+00:00: 11400.789: [GC pause (G1 Evacuation Pause) (young), 0.3034455 secs]
   [Eden: 200.0M(200.0M)->0.0B(200.0M) Survivors: 25.0M->25.0M Heap: 775.0M(4096.0M)->600.0M(4096.0M)]
 [Times: user=1.65 sys=0.15, real=0.30 secs]

Heap
 garbage-first heap   total 4194304K, used 3145728K [0x00000006c0000000, 0x00000006c1004000, 0x00000007c0000000)
  region size 1024K, 1 young (1024K), 1 survivors (1024K)
 Metaspace       used 128563K, capacity 136192K, committed 136704K, reserved 1159168K
  class space    used 15678K, capacity 16512K, committed 16512K, reserved 1048576K